// Jest Snapshot v1, https://goo.gl/fbAQLP

exports[`SwapRouter gas tests #exactInput 0 -> 1 -> 2 1`] = `175262`;

exports[`SwapRouter gas tests #exactInput 0 -> 1 1`] = `110475`;

exports[`SwapRouter gas tests #exactInput 0 -> 1 minimal 1`] = `98038`;

exports[`SwapRouter gas tests #exactInput 0 -> WSEI 1`] = `127426`;

exports[`SwapRouter gas tests #exactInput 2 trades (directly to sender) 1`] = `178963`;

exports[`SwapRouter gas tests #exactInput 2 trades (via router) 1`] = `188491`;

exports[`SwapRouter gas tests #exactInput 3 trades (directly to sender) 1`] = `257689`;

exports[`SwapRouter gas tests #exactInput WSEI -> 0 1`] = `108812`;

exports[`SwapRouter gas tests #exactInputSingle 0 -> 1 1`] = `109806`;

exports[`SwapRouter gas tests #exactInputSingle 0 -> WSEI 1`] = `126757`;

exports[`SwapRouter gas tests #exactInputSingle WSEI -> 0 1`] = `108143`;

exports[`SwapRouter gas tests #exactOutput 0 -> 1 -> 2 1`] = `169183`;

exports[`SwapRouter gas tests #exactOutput 0 -> 1 1`] = `111627`;

exports[`SwapRouter gas tests #exactOutput 0 -> WSEI 1`] = `128590`;

exports[`SwapRouter gas tests #exactOutput WSEI -> 0 1`] = `119619`;

exports[`SwapRouter gas tests #exactOutputSingle 0 -> 1 1`] = `111762`;

exports[`SwapRouter gas tests #exactOutputSingle 0 -> WSEI 1`] = `128725`;

exports[`SwapRouter gas tests #exactOutputSingle WSEI -> 0 1`] = `112541`;
